  Option :  
  MCHF
 Standard ordering.
            4  Highest principal quantum number.
            3  Highest orbital angular momentum.
  F  all subshells active.
  F  limitations on population of n-subshells.
            4  highest n-number.
            2  number of electrons in            1 s
 c closed, inactive, etc...
            2  number of electrons in            2 s
 c closed, inactive, etc...
            6  number of electrons in            2 p
 c closed, inactive, etc...
            2  number of electrons in            3 s
   closed, inactive, etc...
            6  number of electrons in            3 p
   closed, inactive, etc...
            0  number of electrons in            3 d
   inactive, active, etc...
            0  number of electrons in            4 s
   inactive, active, etc...
            0  number of electrons in            4 p
   inactive, active, etc...
            0  number of electrons in            4 d
   inactive, active, etc...
            3  number of electrons in            4 f
   inactive, active, etc...
            2 F is the resulting term.
            2  number of excitations.
  F  Generate a second list.
