1


         HARTREE-FOCK WAVE FUNCTIONS FOR  Hg    AV     Z = 80.0

              Core =  1s(   2)  2s(   2)  2p(   6)  3s(   2)  3p(   6)
                      3d(  10)  4s(   2)  4p(   6)  4d(  10)  4f(  14)
                      5s(   2)  5p(   6)  5d(  10)
     Configuration =  6s(   1)  6p(   1)                              


         INPUT DATA
         ----- ----

             WAVE FUNCTION  PROCEDURE
                 NL  SIGMA METH ACC OPT



       1   1s  1  0    1.0   1 0.0   0
       2   2s  2  0    3.0   1 0.0   0
       3   2p  2  1    7.0   1 0.0   0
       4   3s  3  0   11.0   1 0.0   0
       5   3p  3  1   15.0   1 0.0   0
       6   3d  3  2   23.0   1 0.0   0
       7   4s  4  0   29.0   1 0.0   0
       8   4p  4  1   33.0   1 0.0   0
       9   4d  4  2   41.0   1 0.0   0
      10   4f  4  3   53.0   1 0.0   0
      11   5s  5  0   61.0   1 0.0   0
      12   5p  5  1   65.0   1 0.0   0
      13   5d  5  2   73.0   1 0.0   0
      14   6s  6  0   78.0   1 0.0   0
      15   6p  6  1   79.0   1 0.0   0



        INITIAL ESTIMATES 

          NL    SIGMA      E(NL)    AZ(NL)    FUNCTIONS


          1s     1.00      0.000  1413.223    SCREENED HYDROGENIC    
          2s     3.00      0.000   487.080    SCREENED HYDROGENIC    
          2p     7.00      0.000 10206.543    SCREENED HYDROGENIC    
          3s    11.00      0.000   238.193    SCREENED HYDROGENIC    
          3p    15.00      0.000  5126.055    SCREENED HYDROGENIC    
          3d    23.00      0.000 21878.799    SCREENED HYDROGENIC    
          4s    29.00      0.000   116.941    SCREENED HYDROGENIC    
          4p    33.00      0.000  2230.493    SCREENED HYDROGENIC    
          4d    41.00      0.000  9192.174    SCREENED HYDROGENIC    
          4f    53.00      0.000  9369.184    SCREENED HYDROGENIC    
          5s    61.00      0.000    38.597    SCREENED HYDROGENIC    
          5p    65.00      0.000   510.531    SCREENED HYDROGENIC    
          5d    73.00      0.000  1166.127    SCREENED HYDROGENIC    
          6s    78.00      0.000     7.890    SCREENED HYDROGENIC    
          6p    79.00      0.000    73.363    SCREENED HYDROGENIC    

      LEAST SELF-CONSISTENT FUNCTION IS  5p :WEIGHTED MAXIMUM CHANGE =  2.44D+00

      LEAST SELF-CONSISTENT FUNCTION IS  5p :WEIGHTED MAXIMUM CHANGE =  3.26D-01

      LEAST SELF-CONSISTENT FUNCTION IS  6p :WEIGHTED MAXIMUM CHANGE =  2.00D-01

      LEAST SELF-CONSISTENT FUNCTION IS  4d :WEIGHTED MAXIMUM CHANGE =  9.97D-03

      LEAST SELF-CONSISTENT FUNCTION IS  4p :WEIGHTED MAXIMUM CHANGE =  3.19D-03

      LEAST SELF-CONSISTENT FUNCTION IS  4f :WEIGHTED MAXIMUM CHANGE =  4.75D-04

      LEAST SELF-CONSISTENT FUNCTION IS  6s :WEIGHTED MAXIMUM CHANGE =  1.39D-04

      LEAST SELF-CONSISTENT FUNCTION IS  5p :WEIGHTED MAXIMUM CHANGE =  3.29D-05


          NUMBER OF FUNCTIONS ITERATED          =    15
          MAXIMUM WEIGHTED CHANGE IN FUNCTIONS  =  0.75D-05




                        ATOM Hg       TERM AV    

  nl       E(nl)        I(nl)       KE(nl)        Rel(nl)   S(nl)       Az(nl)
  1s  5557.4780539 -3199.801712  3155.984176  -265.078704   0.728   1421.128299
  2s   941.5865059  -797.077593   701.466374   -72.050484   4.637    473.500303
  2p   904.4776960  -796.514845   702.561909   -32.163078   5.752  10513.576598
  3s   226.3897965  -345.227879   237.486590   -18.900898  12.637    224.780765
  3p   208.7991109  -343.314156   234.746072    -9.594805  14.587   5292.123326
  3d   176.4083300  -341.146812   230.336900    -2.829648  17.131  25630.213084
  4s    51.2627405  -176.385744    79.052093    -4.923645  25.368    112.023497
  4p    43.5157836  -172.665894    75.550514    -2.477532  28.118   2616.756347
  4d    29.3374716  -165.248423    68.318951    -0.752783  33.368  13192.885618
  4f    10.1428350  -151.727560    54.951663    -0.172245  41.638  15403.612696
  5s     8.4791966   -85.784225    18.331907    -0.912761  42.907     47.891238
  5p     5.8229416   -79.796789    15.675479    -0.405036  46.655   1049.247750
  5d     1.5463163   -63.568632     9.485814    -0.077580  55.809   4210.074291
  6s     0.6563649   -29.669310     1.634639    -0.066582  63.058     12.916328
  6p     0.3028504   -20.993576     0.667239    -0.012689  68.399    185.459753


  nl      Delta(R)     1/R**3       1/R         R        R**2
  1s    160715.111       0.0000   79.44732   0.01892    0.00048
  2s     17841.471       0.0000   18.73180   0.07962    0.00743
  2p         0.000   18110.7498   18.73846   0.06734    0.00549
  3s      4020.763       0.0000    7.28393   0.20041    0.04577
  3p         0.000    3975.7193    7.22575   0.19109    0.04221
  3d         0.000     706.2114    7.14355   0.16701    0.03256
  4s       998.639       0.0000    3.19297   0.43930    0.21720
  4p         0.000     942.4899    3.10271   0.44332    0.22280
  4d         0.000     149.0968    2.91959   0.45034    0.23364
  4f         0.000      32.8547    2.58349   0.46922    0.26338
  5s       182.517       0.0000    1.30145   1.01098    1.14473
  5p         0.000     150.7097    1.19340   1.09462    1.35258
  5d         0.000      14.7957    0.91318   1.42616    2.38237
  6s        13.276       0.0000    0.39130   3.18726   11.64209
  6p         0.000       4.7181    0.27076   4.56846   24.34651


     TOTAL ENERGY (a.u.)
     ----- ------
           Non-Relativistic   -18408.88873987    Kinetic    18408.88794026
           Relativistic Shift  -1024.17718427    Potential -36817.77668014
           Relativistic       -19433.06592414    Ratio        -2.000000043
