1


         HARTREE-FOCK WAVE FUNCTIONS FOR  AT    av     Z = 15.0

              Core =  1s(   2)  2s(   2)  2p(   6)
     Configuration =  3s(   2)  3p(   1)  3d(   1)                    


         INPUT DATA
         ----- ----

             WAVE FUNCTION  PROCEDURE
                 NL  SIGMA METH ACC OPT



       1   1s  1  0    1.0   1 0.0   0
       2   2s  2  0    3.0   1 0.0   0
       3   2p  2  1    7.0   1 0.0   0
       4   3s  3  0   10.5   1 0.0   0
       5   3p  3  1   12.0   1 0.0   0
       6   3d  3  2   13.0   1 0.0   0



        INITIAL ESTIMATES 

          NL    SIGMA      E(NL)    AZ(NL)    FUNCTIONS


          1s     1.00      0.000   108.508    SCREENED HYDROGENIC    
          2s     3.00      0.000    33.068    SCREENED HYDROGENIC    
          2p     7.00      0.000    76.355    SCREENED HYDROGENIC    
          3s    10.50      0.000     7.961    SCREENED HYDROGENIC    
          3p    12.00      0.000    16.971    SCREENED HYDROGENIC    
          3d    13.00      0.000     7.830    SCREENED HYDROGENIC    

      LEAST SELF-CONSISTENT FUNCTION IS  2p :WEIGHTED MAXIMUM CHANGE =  3.38D-01

      LEAST SELF-CONSISTENT FUNCTION IS  3d :WEIGHTED MAXIMUM CHANGE =  8.12D-02

      LEAST SELF-CONSISTENT FUNCTION IS  3s :WEIGHTED MAXIMUM CHANGE =  3.74D-03

      LEAST SELF-CONSISTENT FUNCTION IS  2s :WEIGHTED MAXIMUM CHANGE =  8.11D-04

      LEAST SELF-CONSISTENT FUNCTION IS  3s :WEIGHTED MAXIMUM CHANGE =  6.89D-05

      LEAST SELF-CONSISTENT FUNCTION IS  3d :WEIGHTED MAXIMUM CHANGE =  8.90D-06

      LEAST SELF-CONSISTENT FUNCTION IS  3d :WEIGHTED MAXIMUM CHANGE =  5.30D-06


          NUMBER OF FUNCTIONS ITERATED          =     6
          MAXIMUM WEIGHTED CHANGE IN FUNCTIONS  =  0.22D-05




                        ATOM AT       TERM av    

  nl       E(nl)        I(nl)       KE(nl)        Rel(nl)   S(nl)       Az(nl)
  1s   161.1572691  -112.387395   106.230249    -0.298651   0.548    112.824470
  2s    16.1814112   -26.619722    15.927560    -0.050810   3.344     30.682786
  2p    11.9537624   -25.826492    14.802350    -0.017316   4.646    105.628460
  3s     2.2489388    -8.968959     2.231588    -0.004923   7.487      9.141851
  3p     1.6151449    -7.896205     1.797083    -0.001477   8.894     29.396489
  3d     0.5454153    -4.493909     0.525222    -0.000025  12.211      3.601260


  nl      Delta(R)     1/R**3       1/R         R        R**2
  1s      1012.970       0.0000   14.57451   0.10379    0.01448
  2s        74.917       0.0000    2.83649   0.51474    0.31464
  2p         0.000      62.2684    2.70859   0.48291    0.29116
  3s         6.651       0.0000    0.74670   1.79688    3.70838
  3p         0.000       4.5108    0.64622   2.04732    4.87330
  3d         0.000       0.1001    0.33461   3.76414   17.05913


     TOTAL ENERGY (a.u.)
     ----- ------
           Non-Relativistic     -339.91519810    Kinetic      339.91520212
           Relativistic Shift     -0.78662077    Potential   -679.83040022
           Relativistic         -340.70181887    Ratio        -1.999999988
