Table of LS energies present in the .ls file for each Z and n




Table Z = 14;  n = 4
--------------------------------------------------------------------------------
    
      Level                            Total Energy
--------------------------------------------------------------------------------

   0. 3s(2).3p(2)1D2_1D          -288.90605281               -0.00
   1. 3s(2).3p(2)1S0_1S          -288.86315893             9413.95

--------------------------------------------------------------------------------



Table Z = 14;  n = 5
--------------------------------------------------------------------------------
    
      Level                            Total Energy
--------------------------------------------------------------------------------

   0. 3s(2).3p(2)1D2_1D          -288.91004926               -0.00
   1. 3s(2).3p(2)1S0_1S          -288.86804137             9219.50

--------------------------------------------------------------------------------



Table Z = 14;  n = 6
--------------------------------------------------------------------------------
    
      Level                            Total Energy
--------------------------------------------------------------------------------

   0. 3s(2).3p(2)1D2_1D          -288.91069735               -0.00
   1. 3s(2).3p(2)1S0_1S          -288.86879483             9196.37

--------------------------------------------------------------------------------



Table Z = 15;  n = 4
--------------------------------------------------------------------------------
    
      Level                            Total Energy
--------------------------------------------------------------------------------

   0. 3s(2).3p(2)1D2_1D          -340.39931039               -0.00
   1. 3s(2).3p(2)1S0_1S          -340.34016051            12981.68

--------------------------------------------------------------------------------



Table Z = 15;  n = 5
--------------------------------------------------------------------------------
    
      Level                            Total Energy
--------------------------------------------------------------------------------

   0. 3s(2).3p(2)1D2_1D          -340.40375390               -0.00
   1. 3s(2).3p(2)1S0_1S          -340.34536381            12814.93

--------------------------------------------------------------------------------



Table Z = 15;  n = 6
--------------------------------------------------------------------------------
    
      Level                            Total Energy
--------------------------------------------------------------------------------

   0. 3s(2).3p(2)1D2_1D          -340.40445653               -0.00
   1. 3s(2).3p(2)1S0_1S          -340.34616380            12793.56

--------------------------------------------------------------------------------

